// Jest Snapshot v1, https://goo.gl/fbAQLP

exports[`renders correctly screens 1`] = `
<section
  className="game__screen"
>
  <h2
    className="game__title"
  >
    Кто исполняет эту песню?
  </h2>
  <div
    className="game__track"
  >
    <button
      className="track__button track__button--play"
      disabled={true}
      onClick={[Function]}
      type="button"
    />
    <div
      className="track__status"
    >
      <audio />
    </div>
  </div>
  <form
    className="game__artist"
  >
    <div
      className="artist"
    >
      <input
        className="artist__input visually-hidden"
        id="Пелагея"
        name="answer"
        onChange={[Function]}
        type="radio"
        value="Пелагея"
      />
      <label
        className="artist__name"
        htmlFor="Пелагея"
      >
        <img
          alt="Пелагея"
          className="artist__picture"
          src="https://encrypted-tbn0.gstatic.com/images?q=tbn:ANd9GcTsE-pua6P8DJwRsKMvjg1asrOFC6LK3yGOQ5lshgjAJ6SO3P_6OQ"
        />
        Пелагея
      </label>
    </div>
    <div
      className="artist"
    >
      <input
        className="artist__input visually-hidden"
        id="Краснознаменная дивизия имени моей бабушки"
        name="answer"
        onChange={[Function]}
        type="radio"
        value="Краснознаменная дивизия имени моей бабушки"
      />
      <label
        className="artist__name"
        htmlFor="Краснознаменная дивизия имени моей бабушки"
      >
        <img
          alt="Краснознаменная дивизия имени моей бабушки"
          className="artist__picture"
          src="https://images5.yesmagazine.ru/upload/cache_img/36a/36a41bc0342ada3c0d001e626837d8de_fitted_660x880.jpg"
        />
        Краснознаменная дивизия имени моей бабушки
      </label>
    </div>
    <div
      className="artist"
    >
      <input
        className="artist__input visually-hidden"
        id="Lordi"
        name="answer"
        onChange={[Function]}
        type="radio"
        value="Lordi"
      />
      <label
        className="artist__name"
        htmlFor="Lordi"
      >
        <img
          alt="Lordi"
          className="artist__picture"
          src="data:image/jpeg;base64,/9j/4AAQSkZJRgABAQAAAQABAAD/2wCEAAkGBxMTEhUTExMWFRUXGBcYFxgYFxUYFRgYGBgXFxgaFhgYHyggGB0lHRgXITEiJSorLi8uFx8zODMtNygtLisBCgoKDg0OGxAQGy0lHyUtLS0tLS0tLS0tLS0tLS0tLS0tLS0tLS0tLS0tLS0tLS0tLS0tLS0tLS0tLS0tLS0tLf/AABEIAOEA4QMBIgACEQEDEQH/xAAcAAABBQEBAQAAAAAAAAAAAAAFAAIDBAYBBwj/xABBEAACAQIEAwYEAggEBgMBAAABAhEAAwQSITEFQVEGEyJhcYEykaGxwfAHFDNCUnLR8SNiguEVNJKissJjg9J0/8QAGAEAAwEBAAAAAAAAAAAAAAAAAQIDAAT/xAAkEQACAgIDAAMAAgMAAAAAAAAAAQIRITEDEkEiMlETgQQzcf/aAAwDAQACEQMRAD8A8OrtKlVACrtKK7FMgHBXacBSo0azgroFdpGiA6tSAVGKkDUUBk1sVNmiq6tTk1pxCx3k1PaYVUiKlDVhSc3egppuGmKK6TTI1HIk1Zu4UhVZhAb4ZgE85A3jz2qTg9pLl62lxsqMwzkCSF3aPONB5mrPFe0TfrN3EoV8VwW0VgGItKBlChh4RCqNqDaQUrBzWqr3LVSDEqdAZjr+dalZdARBHl+NbD0bKKLWaY1qr+Ds944QsFBmWIkAATOm9Li+BNm4bc5hCsGylZVhKmDtNBoZMFkVGTU7VAwpGMRsaYTTzTTU2MhtKu1ygMKlSpUKMOFdFNp1OhTtIVynCmAICnU1tKc2Hi2HndiI6RG/z+lBujUcFKmrUkUU7M0NingU5Fqa3ZmmoVsjtrUrCORFeg9jOytvuRib2pPiQR4QB16k1n+0zksTInaABAETFZvqsmSsATTlNS2rBKB40JInzHI9NNac1qmWUK8DF1pFCa6i9DUgB60yAS8OfI4aJidDsdDE1TxGXvO8aYJaQIBB12mR/tRLCWAxCzuap8XVWu5bYOYnXzzeLb3pOVfGxoPJqOG9jbNyzaxGZj3gLZCVJVdd49NNKzWOwYF3ubcGWCrroSTAM8vWrPCsW9tdCRA8WhgBoHi5DT6VQvKQQ0ht9jvIIn0qLkvDorBb4BwtrrlWOSyNbt3ktsfGVJ+IxMATJpvFr73S9+GFp2VLYMkhLS5UDN1gj3npRLivap8XlsuAqKzOMoMzlEk+gXTSs5cueewgekk/cmqKiOSJ2qFqkY0+3g7jfDbdjEgBSTB5wOVYKKxFMIp5BrhFIxhlcNdIptKYVKlSrGJAK6Frop2WnSMcy05bddFdJMUQGj7Gdj2xrF2bJbB925eH3gVt+Pdk8MF/xHeUEKBlAgaGBGm3WmdiMYUs92g8UogA1I0Jza7bsai7YYiIEr00YExqCDG0evsNqDaSClZ51xHhWSSjZ7Y1mCCvSR+d6qW1mtxwqwCt7SV7q4G85RgojX96KxeD1FDjyCQ5E11q2tmSByJA+ZqFlE1awdpvjCsyoQSQCQDuASNpg/Kr0Sbs3wxS28MoBICiAp1fw7AbCdBqdqw+KJdmJnn9f7xR3j5zWUAOUhyRo8CRDK8cwddtZIO1A8Q7CGzDxGAFUqAegBOw0+dcs22y6omwuGnC3Wg+G5b1gxrK6nb0G+9DXMUWtXrn6veDMoB7oBVkTkZjmI66/wBo1CXPWr8X1JSWTly7pSFwqdd/661oMD2UvHDPfuWgFlRbDGHZmlRAGsSyn2rYcN7NYdL9mxHf5A3ei4h7vvctpRqREAKetZypjx4WzDdncLev3ktWbZe45MDSIHxMSdAAOtDlw9xcVluaXFcgmZhlPVfQ+1enduOFLgM+JskJcaLfg8IXNEhABAHh9dD1rzazxC4LjYgMC+eBnCsG8JmQdNgB/q96WcrQVBRdGk4vcUhUSzquYuS5d2cx8SsMwGm2/pWaNhVkw2x0k5QBvvsKbe4qtwlgGU9JzL6CdRzofjsQzCJMfKY69ag3kd0PwAl2jzj/AKGH40R7Odnb+OvrZsqSTqTqFVerHkKH8BvBbmY8gf6fjX0B+jHLYwJxTgKm1sAAA8p03JJifWqRdRbEasu9nOwWB4agZk7+/AzXHGaDzyLsg+vnV+xj7DOWFtMwiPCFYAgiJHLU/OsbxXtDfxDiLnhZioCglFIMEZttPPWjeCxoClV5Lp6rz9xM+tS7Nu2zNeIynaj9Glm6S9ljbJ1ygZgCfL+leXcf7PX8I0XV01hhOUxy8j5V9EWLobXyoN2r4St2xcDbsdSfQww8x9tKvB9tknJo+dia5VjH4Y23ZCIIMR08qrUrKipUqVAxOtPpqCpxVEZncLg3dgiKXY7KNSfz1pNaIkHQ6/jWgwOEdbcIRakL3lw5sz5hmFtYB8IUqWHMkTyFCuI4Jkgg5hPxCffemawA2XZTEMtolWVHa2rB3BIABgkgGSNhp1qmlnF4m5N68oEQI3uQYXKp2GwAEbe9DOy+NjMLs5MpykyYnxQANTMTpVztVw/ucSLQYsFVSSsGCwBgZvh58+e9Qk/0ZIj4W15b6rMiGkQZIZGGsdJ+80I4LgGuv3NpczkmNYkddfT60U4PdKXGeSMqsxLRqArE7aDaqnYPGd3jLTEwo1J6BdT9o9xWjOteGqzUX+wXcgG/cMhc7KsaCYgE7k+3WhXF+IW+6uWbSFFXIbegXOSfE7QBmOUZZP8AFW5x3Fu9W8rKFy/4hzABmllCg6jKAMsT59DWV4nhRisPevEqLtorl5tlBUIuXdho287j0ppSbwKkRcXJuszqigES0lgc0awkSD8W/maCLdSWLA9FIHToRv8A0pmN4k99pBgESSZAY6yIG3SecVU/4kbczbJ6gt4aSWWMgpicUmS2hmHLMdZZVUFQDvpmzfPyFansHwXBBu9xTgmZtz+zEE/EdidjBiIFeZ4a6Wck7k8hpqRoPKtjwjMgJU5WUztBIO8jnr1rfyNKkNHZ6FxntHwprgdnNxkbwpatF2IWJlyMqSRO8wBqKFcZ/SUmcvZwqq7D4rjs7DkRkWAPY8zWWxF4qrFSGZRmOupDaMfYn71nsknU/wBTTLKs6YxTV2GeK8efGQLzmQ+YAjSJmFjSPr60Oa0iLm+MAN8MDUi0JK7gaNRK92axdpVuvhSFK5ofLmIkSQhOaQDI0nyojj+H2sI7NZv5w4C7ZVzRsgkgzOpPMnatKaSok01yWmeeXspPT7fKmMQNB7nrRDi3DgmVwMubNKEglcscx16coqkNjUydGv7A4SxismFa2puO58WXVU0ZrmaOQUgAnc7a17b2z4JZvWLdg3TYt2YcwNMqqRlCyNenQjY14X+j7ia4XFJdaMo0c8wGkaDrP417b2ytM1t4IAKzqypIjk7AhdNdtxEineKF2zzXiVu+93MFLWjkNsLlKIJIbNLSpAymQPrWo4Pc8I1kiVJ66f7igGCtXVBDs06htTGkECfQzIGuvlRHhl9GtE22/ZMEYaTmuFTy/wAoO/SlkrRng1WGuQfSpe0mGa7hn7seNYdR1ykSP+mabiMJ3caySoPqPyTRvhduU+e3mpH41uNuLJyVnzP2rKtfLLrmAkjYkaT7gA/OgcUS443+K4GwZgPTMdPbahxNVnsaOhUq5NdpQkwq9wix3l62h1BYT/KNW+gNDya0/YjDjM91v3AAB/Nufp9atHLA2HMbhVuXiX/xJHgtISFtzuXIjMQT/Lrudqp43gyIuq6nYBpU7zsd9fpRG/ixIL5ZOgkDlty1gR86r3ryv4Ykbc8o3JGgEnX6VVK8sRsBXMatm5mWCpXKwiSDt7jX6U65xMswJIuGAqksQwVRCieYAjeqPG+EPZMwSh1BA2BOgPnz96EOPOa5OT7ZKReAlxDixZSiSoM5oM5usk6keVO4Jj+51yKza6mZg9NdKE5au4VIE85j7H8fpSpGbN32X7TWFe61/OGuZdT4hoIAPlr0iq+Kx4V3uuuUKlmYEg/4mcKNY1zfICsmy6fnnRLE8RF3DhWQm4GVWIzQwVFVSRyICAUzwgXYu5K3ndMrW2JKwRopJKCN4KRtVfiAJOUAMIkxMqQNfh1gdKkt8Na5lIQJCrBImI215fOo8Zhsg0eDMbEeR189ab+KfW6N2Vlfh1nIpusF1/Zj3EsR0jNHXXpRvAs+YuQQGDb9YOsHXSp0td+uHldVtKpbl4TcSNDqCPEOYlutR31Fs3ASSyExOyqoJnzOg9qg0ykaClzhpODa4l8K6XMioQFLoRmZnMSWzFQOUD0quMReUI926LpzJlVmzDwkNEtJ/d686rC21xbbFjlZZBO5YiRPQetUuJG5blTlMagakEawZkRoYim+TVGwsnqGHwtvirvib9x1sK2REVsruTp4o1A9N+u9ZbtTw/D21FvDyuQmA47wk/zE5lNZ3svxG5aVlDEZm7wgcyI+34VZ7tM+YPmEkkkaSSYmfOajJ1odbK/F0lbeYZiRnJ5QypHLYEMOkg9aH2uCu7hUEs2gVRmM+m5+VH8WUuoLgYZdLa7grlLMM0gaEMflXoX6JLAHeXTEWxE6eEakx6/YVbBliNsBdkf0P32KvjStm3mVigJN1gJ8OmiTPUnyr1zi+Ft3kNpYnKQADBiNDpsNtaEcR4414hLZ7rMYDvAXXcydxHIakwJHLScL4ZbtW8qa5h4nmWeeZbc79aztrJL08P7R9luImzPd3gYdHJdAkKRlIGbMMwAkx12pcB4QRYNgls6sj6TBZVywCd8ule6DAILfdeIqZGrEnXfU6isl2hTA2cy3ZY8lLeED00HuaNgBNvFNdUFtGTwnfWPxorwrjFoyoaGg6dfTz1rOYXiIuXv1W0mRXRnDEzOWJUDqRGtD1tMhE8p18x/elWHkVo8x/SBw/ucZcA2Y5h0IbxAjyIPzBrMzXoP6Wsdbd7CqIZFaT/lLSo9jm+defGqyZoayKaVcpUBie0hYwNzRTEYhrT5LbQEAUxszL8R/6i1RcJvqt0EjYN88pj61cxF5SWJUG5oAQJWJnQQIblNaToyVk+D4g51ueUGF0mdIOmu877VrbdvNbUhhpoSDME+SaLoY3nWACTphsTcfujJ1JGmh+vlH1o3Z7TW/1Wzash7dxZFw+HUEkkofU+o9hVeLlpUxZx/AhjyMrBxmVh4gTt/CZ/dIPy101rGYrAEaqJG+m48iOVG8RjA/7+Yfk7dP6eVUi3TTp7+dGdSBHAJs2pIkwOdX8PZ2HLeimBsYbuLjOJvsfDOwX/KAdW5nffyqBIRddBz9fOlUayGyvdw2h11P96NcDGGtqXu3O8yx4V13PONhpz/rWZxV6Tptyre8K4BhRgbJfNmdRcYyRq0nYb7AUYTjGVtAcbBvaPjqZIXKSYIymAojQR5bbdaxl3Fk8zB962fGuGYa2CwtmddGze0kzH5igHHMAoti4o5CfQ1uX/KlN/iGjx0iLgnF2stpr0BJij1vG3LwLeNpmA2hg7gBfDEc40rFBqLcC4mbVwamCYOv48qXjabpgksBd+LkLkbxKNBprbO+/PYiKt8Z7m/btmzddXClWzIFQga+Fpk6z9Pd+N4AtxbhsXrZC5SwII1GWSDGolt4g5qq4Xh9r9W8VoviC7LqXYBVj91THPQ671Tp8hO2AThkuFZTw3JhpkfL5g+9WLWHDBVuEtmbkSI25+p+lEe0mCRWtXLfeJ3qhfEZGcGGy6yMrAqYEe8zRs8Q7s5LqNnkSAF1n12+Vcs+Jp4Lxmmg7hsCEW1h0BLu5fKJZyYgAT18RI8ga3PYvGEYXFWFg3MjOApBLGAoUR5gD/VWG4d2zS0twWrIOIuDKtwwWt5gFuFepKKBP5Ot/R7icPda5/gjD2DbuLcYsBcu3WyjRtx8RKoNoMSQad8fti/y4qgJ244vjLhs98hsqoi2oAAhd2A56x4tulXf0efpJOFdMNiHZ7LlYdjPcs3T/wCOSN9teQrP9rLlyy1yw97mMg1koSfjbKNQB8MwJrE4m4CdDOmv5+lNJ+CpH0VxTt6buJFnCENaSTcddTcKiStttgskDMJnWI3rK9scd+u3AAtu3bBAdc6Z2nfTnsTrrXnfAePPYQBDDA6HYx0np+edaK72ga+M1wWy06CWGZjHjVIEsYUecazTLqlgH/SpwfE/qmLtAHS3d7smTBDyBI2nbXyr0DHWwWaNiQw9x/vXmtnBNdxFu2+YXi/eXQRAUL/avRO9Elf4YHyFJNWwo87/AEn4LK1m5/FnU+2U/jWGrefpWuf4thJ2ts8fzOV/9KwpFCqDY2fKlXdK7WCX8IFDTuQDp7RUmGOs8/Q/1qsthl1kfOr1nEBYJXxCOkGRWmm/DQaO8U2WRr/eg4Jojj3LseoiY2HQVRAj50tUgt2y3auH86VM5YjcD3P2qG0o5j6mrdpF9adAGWnYbkHnG3uNZmrfEwpt2nEyyXPQlbjqd9tAPlUYI20mqWLunNAOgGnvvWeEAlwIsFx+sG4LZmTaylwZHJuUT9K9CscSsXLdpLHwW4CyQbndhSAGgCDqJ05V54EAskkAs2i7+FeZjYk9eUUX7M28LctReBR7OZ89sgOyEyQ07jcaaiPOkkqyNENgWFhnNru8wZg8BHA/c8Jk6AD2oNxC/adH7twVhoEMCokwIImAIEnyqXGtgbl2FYHMTqc0Ak+EIdNIIEHnNWeP4S3a7qzbAk5iY6RqT9KQcwZHLpTs0VJiFhjUTCnQhqeF41gi5UDBhBnVZkxmA1HkT1opbxN207rbvJLqPCjKArAQVJkLmg7zM9NKxmCxBXnHTU7+2x861F+yHtJca41xlWCQIUS0+J+Z5TE6CavGbok4kQsDu7lnJd7xIKhGDhQ3xZggYtG+h0nWquIQMLb5oJklYAjWNOZ161YS4ovjK2RMurLbIcTPhYZtY01FCcbcgg6eceWntRtIyCF/DFUORfCYLtuwHJZGoG8+dd4fiWBS4jhXBJA1BXIR4gSNDr13qHD9o8SlsIhVE12RSxJ/iYiqli4zXRlhWdgIXQDMwmPLrSNq7QaNqLFvHW7oyKbq2tH1LkiNAAYzHWNDuTWN/UggbMsHUajaNII3BmjeCxvd3A9oypLd2ByMlTHyPsa7xNCtvuzkYyWJy+MM3Jm1nmdaaVNWBOsA/wD4XaOQSQToSCAoMTuZmfQc6fb7NYnNNsEgEjM2UAEaH94k89QKJJdUFcyEpB0zSoYCJA2LCfbMNRWl4RxK29lcrzl0adDm3O/rR4+OMnlluGKnKmZ3g1l7eI7hmzXWhrzD920sFbSn/McsnoQOtabs/ezm82bMO8eD1GYxHlEVhsHjS17F3Q0FlcA+RYAfQCtX2PxYa0YQ6ZRpEaKB7bVOSWwVlma/SSjHFK0aG2oH+ln/AL+9ZJrJr0nt7h5s27hEEXCvLZgxG38v1rA3bfnTdbVkrp0Uu7NKrHdedKh1HstYe1ocx+ldxFqNQZEDl5VwLG7CelOuOMnxCqNKiSb7FbDEQddT151Xuj8xRfgOAFxbjsPABE+cgkz6D61BbwqsCQY2213nr6Vzt4L9SpbYDXMatKw5t89PtV6zwpyoghmILZACWCyBJ05kjQT7V6H2a4vgMDbCrh++vkDO7KkFiPEASJCjaPei5KOzRi5aPPEvKigyTmIDKkhiskFQY5gHfyp3F+Ci0ysrhgxByTmdJghWJADdNhr86L8cxou3DdW2q20coCoARWGpCxtOaTHXz1gGPCXAyqkTGpkAFYLTy5ke1KpuTQXGrBuMwNxba95OoOUQNBM6n3mPOo8DxWzas3LZw+e5d8LXC3w2+ltY0bzJ1gcqLce43+uC1aVNUEAKqqWYqBm01J3Ov8UdZzN/DZQSfiDR9YNV5Y3rRKLfpLhMrKVyJoPiJYEnXWRoOW+lE8Dxm0tsq9vNdGivzygQoOu0fagQyzrXM8toN6j1KWK8SSSeZNRk1PdAjTcb/wC1Qgb0wCRLB36yR7Ue4JdtrPfTBjwgEk6GIXaJ5yOVB8GDpBgnYz9KM4Dh7OC2ckgAySZknX211p4YFkX8KVzFmWEGYKSozEawHgzppzJ86zGMMk/n7UWZc+hErOpB0J9RPnrG1D+KYdlc5ipP+X4RHIelPLQI4GWMpUqSBzkjYgGPn1p2O4bdsqrvs2mkyJAIBkCCQZ0q/wAO4I93DvcRQe6lm8ShiDlAVVJljox0o7wvtAgw6q+W4YIIKyRBgBp30jX8lGsDLZnRxa01hLQtlGX9+efoNYOvufKjuMtFUWybgfxyZXXMwmQYkiI3J5RTMfwxLqd9bXKywzbwVBy5tehj1mruK4k9w2e8KsF1WUI2MkGPiGmhA606uhHhlDid1QWbLk8EqoOZeXiBJnXLr0nyigC2ENssVdmAkFFBXXbvWJ8MRsOVFOO4g/4mQBAzAEAggA+IBYAgSvsNKg4hg7qWSWJVJ2DEWzykIRJJMmee9CrKcawCsA+6zvFa7sPiCtw2+R1rDqcp/GjeB4i1lhcUDMBpmnLr1itHMaEbqSZu+29ucG/kyH/uj8a80KmjPFO0GJdSly4jK0SoQCIIIg77gb0Ha/7U0WqFf2Gd3Spd550qOBgibK1NgciktkDBVM6bdCPOennUYidFP3o3iuFXO4UKQwuNLMhBWABlVjuP3jBityNKIkE3MG9/3gEkW0WTlnz15ak6mo8Oga2zKwTM5MFSdByBHrU9zBTZMG2pOb4nVTtz6a7TTrVlUtlNDkCj/Uxljp0H3FcaZ2ekn6k1y/nskJbBEAkgqo0jNuSQJ96Xai/bvXE0i4Xh2QkKRl0Uj+IRvM6x0oY+KK58hI+GRJgzoCOYOkH1ri47NBKgEa6fKazjKWRbSwaoXE7kYe1aXqWjMzemnhGnKhuK4X3bAkEAgFoAIg8xrry6Vdw/EkVQysABz2KmhPFLpxJlbuW2JB1OpG8Dl9taKX6ayXh9i2l24guBVZXZbmVluq4jLb38PXeCAfSg3E8Plzhj4wdRz5bz61e4kGmyi+HxAS2pHQk7HTWouJmc2czdL6nSCuka+s+gq8HcMkZKpAJ1rirUrDrSVRBmp0MEcbw+2tlHDEuW1H7uWPnIMUKYazR/9XZjb3IyqdpUSI2HpNUcfgMruqHOqANI2iBP1NNJCpkGCuZQ/UiPbMJrSp2dujCDFG6MrKbgtAMQVUqDmf4Q3iGhrJ2wMwzfDImN4nWPathjv1cILNjEHuw0kG672D8BDOn7rTn8KgnbalCwRbLnkBswAKgAn/LzOmvSoscEVgvqGiYE9J50Tw+FVg9x3EAEKFUBcxkHKPQe1DsPYzXdQAqwSJ2HqdyavWKEC3D+N3Etrh1VCqljmCxe8UNBJIBAIMdRHSrPZnDWv1hnZRcLT4YYJa0BLNIgy0gKNonpUXceI5WdSQcxBjwg6KZ5DprVCz2vxFsZALemklT9pilkmtjKmantRjimEueEorkIuwJzGWJ8oB08xWMw3F8QndlZYW/gkAgT0BHWtF2O4m126xvRczyskCFJAMAbBWAIj/LS7R9lsrG5hwCu5tTr55D+BpW2g1ZkMfeZj4ly8z+eW/1qtiLrHUsW8ySfqa1fZvszdxq+JsiTG0sYOu+0RH4VQxPBQ2KFqxBtMxVHcMwPd/ET6kHyI6UuQmfXMxAAJMwIkkzyEUX7gkCR6/jXpeGtouUoirsYAAE+1Y3tLYKYu8AdC5Yej+Mf+VW4VslzYokucOy27R/wpdWWJBWCJUORswkTqdhtFZw4Uc6IjDXLiuyScjAwBsCoE6bbRUPeTyqipuhWmqZS/VVpVe7wUq3VDdmLCWwWAZmCk6mJgelFLGIm9mXZQcgP7qrtPnFDjFWMINHbojfMwP60vIvg2CD+aG4iyHt2tQS13xa+LKonX1INWcTgiFYuSCZLKupUsQYJ2Gir13NAeH5Zcs3inwydIkyB9KKYnGF80aBjMA+EHyriZ1rOQViX1yquUaHeSx1+I8/YAamuoukc6lv2xI6xr9f96alVhonLZYttA9og7H1qP/iJSFFtMoMxBg676/euqk79aovvRkgWEOIcVD5VCwBrJgkny8tT8qbiUZhOkD56yaIWcTh3w7B7KLcMKpTw6rBLNPUSJOk1TTDWyhZdCBzYHUkCdDPM00VSEbyDcQmtR241FS3rUHcn1/rURpRgzgMcxAsK0ByqlyNpIgT+PKiHFuyTW79i0cRbIvSM+YAKQYIaNB0H5FZWy8nl77GrwtMdWkzPnoPP0rVZlgIvbtYS4yqUxBKqVcDMFYMQykaA7AjXpQwpmcvlCgksFGiiSTA8ht6VYw7JtG5HVpjkdR9qtDBXAJOU6czt6jnQxHZssage6QWbaNFAEKIGhIhRtsIq7grdtUZMxN0mT7AzJIjyFD3wN61FwGdY0Zp09IMVYxvEkJtlWuBoPeKsqJ05knN+9rVYSWxJJnbuPygvGsRBOvMj1/2FZpnkk9TU3Er4e4zLsTInX61yxbDCKEpdnQUqJuFY9rNwMCQJExzAM7eW9eq4u8CAw2IBryC6hU6zW7w/FVGFVmPwgz1MbAeug96V6Hi8m67E2LT276ARlIV/M3EDsf8Avj2oG3BbVnGWbarItWbpQk6iXRQT55Z+Zqr+iDiZP66rHxNku+5LhvutE8RezY5T/wDC/wBLif1o+A9JymtYTttcH6038tufZAPwrfka15v2rTNirpJ5qPkq1Tj2JyjOzWMUXSrE5WU5ukDy5xqag4raVEXIICkr6g6g+8fWq2GhGzA8iPmCPxq1xLFW7i21E+FVDHqwEf1p2nsMJx6dQT39dqXuU/i+lKtkFltXY8qms3WVHGgzR6n8zVdL1QcSuyqgdfwpZ04NCRtTRRvCGaoxpTjUdw6VzFyfBP8AFPl+NEF38ooXgDqfz1opbP2po6MPLGNKp5/FO8RvqDrzqcsYqst4o8qSpEEEGCCOYPKs2A0eO4gxs5LuGRCdc+Uqcv8ALy6e/vVPCXbTW28IU6aawYmYJGuw3qdmxdy1NxMyEhszgAmNt9WGvSn2eIlhkgEjQQunPed9xVRAHiMumWNZ008qrs1WuJzJBADTyjWqj2zAJGhGnzj71NjogFEsHjNQDJ8joCOlVMkb6dP7VyKCdGaNBgcrXjlyy2sDQDXUCtVh0tKCWAPyP9q87wV7I6tEwZ0rUXMe7tukHUQCGPqDsalyL5WPHRZxd4tOUCJ8gNPSsjdEBiR4mJ30jrHX7etF8RbyyxknWNdASddOQ1oXi10c5xDEQSNWg7L0HntpR4/0EwbFXsDZJG332qDh9jM4kSARI6+VawX7efKYVBppO0GJ39KtBeiNg7ieGzAMx8RGs+wHvQd7ZynXYGPof61oymcHUgAEiQZaIgDyqpxbDqFzIIEazEmdD7zrVJq1aFi80wRwfjF3DuXtNBKlTIkEGNx7CiKdpsR3gu5wWUMo8IiGIJnrsPlQQJkZWIzLIkdY3B9q9Qv9iMI4W6qsiuJAS4TEjlmn8mpNlKoy7du8X0teuRv/ANUJxNx3YuxksZPqda0J7P4QYjuT37HlLLl0EkSFB96zt0tmMDSTAPSdKfjJzVlciktJ8x8qjCN51SwKJNFKoe7Ncrdhi1bwbj+9RYm2ywG9veiqk0PxbTcPlA+VSkqRlsqMtQXjU7tNVrp1qTHJsDz9vxopbXT2oVgzqaJjaKaOjMcTVW27C6pT45GUAZjm5QNZM8qnuge1Vom4ACBJAkmAPU8h50GY2+Lx2MyZcTbWWGpkBwNDqo0mhFqc/wAIIAMZfSZjciBNFXwF5LQ7zEC6ukwcwgwIDnU/7VXwyMLrG2y+FGYTI0Akx0MaaV0eETOY8FnIC9dCAI13MVRzEaUTyg3GkSOfiKnXofyKq4zDLJZZyzpO4Hn51FooisKfTVNdoIYcrwQemtEkViFhm56kGBG+U9J0oSz0Wwd1WQByxAIJXXLpodue9Ms4FZx3YnLcYtlMkCCCuh5fjS4pfBXRcnUaeKdoAEAaUSwaBmyhSVbxFiB4V0UxGp/3odxmFMZhudMoBiYGv52puqSFu2d4KVUO7fuqSo/zQQPuau4HhzOczCft7Ch+GPhMaTPTp50Ys8XS0gVpLaMYiFnlqddIqXJapDxJrnCbcSsht9JBny5UN4zhStoqxk5h8okGjVzjdm2VlWOaTsBzmdTrvQ/tXcBAKmQy516gZRH1rcctoMloC27Gey6gayCPblW87MYx3wltZOZBkIknLl2MdCv1rzzhN8qaOYDFvbIdGKzv0I9KPTuqRWcsKX9GxvWF7zMDNzLMqAGIBAO42+9Zvi3Dwt1+YY5lMcm8UeomK1GAxy3tVIOmnUDrpVPj923bseKNGGQnRpkBh56T8hTcfxISyjKthB0pjYIUROtOFmuiidgj9RpUY7sUq1B7AsWqC3zv5mtNiFhGboD9qy101HkwGJAagep2qBqgyhJgz4vaiKNtQ7CmG9qvqdaaJiZx/trz6mqboO8AkCYEmYGu5iTFXt6oYkAPrPKeR35H8YrMxtMFhbFm0crm+TGoci2P4j3Y39z51TVUDvlZl8JOr89BEnlJ+lPwuKwnd/4Fspd0IL+NpBB8LHQT5AU3E4gd5nZLYzA9I1EZgJ0M69K6MdSPoHsWwbhMmBrtvseZqa2wZTJEajnqd9AOVVxYZ5KxBOp+vOprDFWCtGU6ZdANek1FPJRg25ZPKoHeil68QSGmSCDpznl0oSw1oNBQqI8HYazmgcgJmdNqH121dKmRWTpmZrrTvDEFc4I8MAkK3PpvHzqPjNthaL+AMNGLftGnbLprz59KqcI4uucZzlb/ADDMpI2k9KfxpcRcYhjIk7EBBpvPPfnrVm8E6yDsJiIAgGeQiTRy0tplXPaGZQJLJ4wOuo9YqnwnDX7V0JZhyYJJjIOknp+Yq1etObxgjMNJ+JTpPvrJqPKviUg8ly1aDKxcKV3MgMNtTrsdPpVDtVhLqXZZfBkARlIa2RHJl0GsiPKr+As3yQtwpB5Kpk9NY6/OjnbjgL2rAezfzWsq96mWPFpqWBOYE7DbrrFLxR9DNnk9oGZNHOF3hlIIn760DOY1e4arFwF3P4a1oOngZV7odaa5hroKsQy6ggxIP3p9/FvfuSzSW6nQf00HLpVzjeFJthz8Sbx0P5FAkcSJE6iRMTr15U8vi6ENrwa5mtKeYlSf5TH4VcNC+AqVDrAENMTO4HP1Boma6Y6JPYppVzLSogIuLpFh/QfcVjHrbdoNMO/+kf8AcKxBqHNseBE9RtT2NNNQKHLHxCiSCh9seIVfVqZGLCmqWN3B5VYN4RVa/dBiizDkbSpXssToD9KrISdBz08vetN/w9Bhjd7wm4GIIkaAdRvrypoq0K3QIs3jbBG5nlqZrjyGAdWDDpE66gGiPB+GtfzvbiV0A5zE6dD/AFqrjUYQGYFh8W2k7VlGsmZPjrlu6S4kTq2b94+WXYeflWfvPJmieEdspVfFGw/ETr8qH4u3B9ND671pfpkRA00mkKUUgx2rNvGNAR2YoP3QY/v6VAq02KxjX9nsKxabVzu7fSM7HbdWMD1Me9O4pxBbeI8KgjRmYEzJAM9PLQDlUHZpMKzq158sAwpJVZA0AjeTUOPJ70gHwSs+FQdQNtNNz8qq1caJ+mg4bxQHEZSfBtm0ME6Apy361N29fD92gGKL30hSgYkMP4mVZRSBPIH12oBhgBeUXSe7znMYjwgkCSBO0GNqd2yx2FdotoVvKQCwDLmXSBcDcwNiOUTPLUoxwa7kZe42p9au8HuxdQc5P2NDbja1LYxGV1ePhIn051Fbso9GuvEGQdZ0rG4izkZl6Ej+lazvFYAqdDtQLjNuLkkaMBrI1I329t6vyq1ZOD8CHZS9mZ1MfCpHtI/EVo2HKsd2fuhbwInpAEyCdZM6RvW2mn4sxNNZsgg9D8qVWcvrSqlCFHtL/wAuf5l+9Yq5XKVc/N9ikNEDV2lSqI4huKs8qVKsjDBtUY/rSpUTHTsfz0oon7M/yj8KVKngJI1f6P8A4P8A7X+yUF7U/wDMXf5j/wC1KlTPSGWgdw/429PxqDivxP8AzL/4mlSoS+oq2DhThXKVTHJBTaVKsYK8P/aD+Q/+JqFv2g9qVKqoQ0Vn9un8w+4qf9Mn/P2v/wCaz/70qVGehY7MFe3rrbfnrSpVzlg/wX9kPU/eqvGfjX0/GlSrol9CS+wuzP7b/QfuK2lvYVylVeL/AF/2U5PqixSpUqYgf//Z"
        />
        Lordi
      </label>
    </div>
  </form>
</section>
`;
